// Jest Snapshot v1, https://goo.gl/fbAQLP

exports[`renders product page correctly 1`] = `
<div
  className="Loader"
/>
`;
